
> ggg@0.1.0 build
> next build

node.exe : ΓÜá 
Warning: Next.js 
inferred your 
workspace root, but it 
may not be correct.
At C:\Program Files\nod
ejs\npm.ps1:29 char:3
+   & $NODE_EXE 
$NPM_CLI_JS $args
+   ~~~~~~~~~~~~~~~~~~~
~~~~~~~~~~
    + CategoryInfo     
         : 
NotSpecified: (ΓÜá     
Warning: Ne...not be   
  correct.:String) [], 
R    emoteException
    + 
FullyQualifiedErrorI   
 d : NativeCommandError
 
 We detected multiple 
lockfiles and selected 
the directory of C:\Use
rs\Lenovo\package-lock.
json as the root 
directory.
 To silence this 
warning, set 
`turbopack.root` in 
your Next.js config, 
or consider removing 
one of the lockfiles 
if it's not needed.
   See https://nextjs.o
rg/docs/app/api-referen
ce/config/next-config-j
s/turbopack#root-direct
ory for more 
information.
 Detected additional 
lockfiles: 
   * C:\Users\Lenovo\De
sktop\ggg\package-lock.
json

Γû▓ Next.js 16.1.6 (Turbopack)
- Environments: .env.local

  Creating an optimized production build ...

> Build error occurred
Error: Turbopack build 
failed with 1 errors:
./Desktop/ggg/src/app/p
age.tsx:2:1
Module not found: 
Can't resolve '@/compon
ents/awwwards/CustomCur
sor'
[0m [90m 1 |[39m 
[36mimport[39m 
[33mPreloader[39m 
[36mfrom[39m [32m'@/
components/scrollytelli
ng/Preloader'[39m[33m
;[39m
[31m[1m>[22m[39m[9
0m 2 |[39m 
[36mimport[39m 
[33mCustomCursor[39m 
[36mfrom[39m [32m'@/
components/awwwards/Cus
tomCursor'[39m[33m;[
39m
 [90m   |[39m [31m[
1m^[22m[39m[31m[1m^
[22m[39m[31m[1m^[2
2m[39m[31m[1m^[22m
[39m[31m[1m^[22m[39
m[31m[1m^[22m[39m[
31m[1m^[22m[39m[31m
[1m^[22m[39m[31m[1
m^[22m[39m[31m[1m^
[22m[39m[31m[1m^[22
m[39m[31m[1m^[22m[
39m[31m[1m^[22m[39m
[31m[1m^[22m[39m[3
1m[1m^[22m[39m[31m
[1m^[22m[39m[31m[1m
^[22m[39m[31m[1m^[
22m[39m[31m[1m^[22m
[39m[31m[1m^[22m[3
9m[31m[1m^[22m[39m
[31m[1m^[22m[39m[31
m[1m^[22m[39m[31m[
1m^[22m[39m[31m[1m^
[22m[39m[31m[1m^[2
2m[39m[31m[1m^[22m
[39m[31m[1m^[22m[39
m[31m[1m^[22m[39m[
31m[1m^[22m[39m[31m
[1m^[22m[39m[31m[1
m^[22m[39m[31m[1m^
[22m[39m[31m[1m^[22
m[39m[31m[1m^[22m[
39m[31m[1m^[22m[39m
[31m[1m^[22m[39m[3
1m[1m^[22m[39m[31m
[1m^[22m[39m[31m[1m
^[22m[39m[31m[1m^[
22m[39m[31m[1m^[22m
[39m[31m[1m^[22m[3
9m[31m[1m^[22m[39m
[31m[1m^[22m[39m[31
m[1m^[22m[39m[31m[
1m^[22m[39m[31m[1m^
[22m[39m[31m[1m^[2
2m[39m[31m[1m^[22m
[39m[31m[1m^[22m[39
m[31m[1m^[22m[39m[
31m[1m^[22m[39m[31m
[1m^[22m[39m[31m[1
m^[22m[39m[31m[1m^
[22m[39m[31m[1m^[22
m[39m[31m[1m^[22m[
39m[31m[1m^[22m[39m
[31m[1m^[22m[39m[3
1m[1m^[22m[39m[31m
[1m^[22m[39m
 [90m 3 |[39m 
[36mimport[39m 
[33mWebGLCanvas[39m 
[36mfrom[39m [32m'@/
components/awwwards/Web
GLCanvas'[39m[33m;[3
9m
 [90m 4 |[39m 
[36mimport[39m 
[33mSceneHero[39m 
[36mfrom[39m [32m'@/
components/scrollytelli
ng/SceneHero'[39m[33m
;[39m
 [90m 5 |[39m 
[36mimport[39m [33mI
nteractiveImageGallery
[39m [36mfrom[39m [3
2m'@/components/awwward
s/InteractiveImageGalle
ry'[39m[33m;[39m[0m

Import map: aliased to 
relative './src/compone
nts/awwwards/CustomCurs
or' inside of 
[project]/Desktop/ggg


https://nextjs.org/docs
/messages/module-not-fo
und


    at <unknown> (./Des
ktop/ggg/src/app/page.t
sx:2:1)
    at <unknown> (https
://nextjs.org/docs/mess
ages/module-not-found)
